
 -----------------------------------
 -----------------------------------
| Параметры запуска:
| Выбран релиз: 1.7.4
| Выбран стенд: stand4                                                                         
| Выбраны тесты: ['postgresql']                                                                   
 ------------------------------------
 ------------------------------------
---------------
Итерация № 1
Прогресс выполнения - 0%
Время запуска: 2023-07-06 17:02:51
Cтенд: stand1 игнорируется
---------------
Итерация № 2
Прогресс выполнения - 1%
Время запуска: 2023-07-06 17:02:51
Cтенд: stand1 игнорируется
---------------
Итерация № 3
Прогресс выполнения - 2%
Время запуска: 2023-07-06 17:02:51
Cтенд: stand1 игнорируется
---------------
Итерация № 4
Прогресс выполнения - 3%
Время запуска: 2023-07-06 17:02:51
Cтенд: stand1 игнорируется
---------------
Итерация № 5
Прогресс выполнения - 4%
Время запуска: 2023-07-06 17:02:51
Cтенд: stand1 игнорируется
---------------
Итерация № 6
Прогресс выполнения - 5%
Время запуска: 2023-07-06 17:02:51
Cтенд: stand2 игнорируется
---------------
Итерация № 7
Прогресс выполнения - 5%
Время запуска: 2023-07-06 17:02:51
Cтенд: stand2 игнорируется
---------------
Итерация № 8
Прогресс выполнения - 6%
Время запуска: 2023-07-06 17:02:51
Cтенд: stand2 игнорируется
---------------
Итерация № 9
Прогресс выполнения - 7%
Время запуска: 2023-07-06 17:02:51
Cтенд: stand2 игнорируется
---------------
Итерация № 10
Прогресс выполнения - 8%
Время запуска: 2023-07-06 17:02:51
Cтенд: stand2 игнорируется
---------------
Итерация № 11
Прогресс выполнения - 9%
Время запуска: 2023-07-06 17:02:51
Cтенд: stand3 игнорируется
---------------
Итерация № 12
Прогресс выполнения - 10%
Время запуска: 2023-07-06 17:02:51
Cтенд: stand3 игнорируется
---------------
Итерация № 13
Прогресс выполнения - 11%
Время запуска: 2023-07-06 17:02:51
Cтенд: stand3 игнорируется
---------------
Итерация № 14
Прогресс выполнения - 11%
Время запуска: 2023-07-06 17:02:51
Cтенд: stand3 игнорируется
---------------
Итерация № 15
Прогресс выполнения - 12%
Время запуска: 2023-07-06 17:02:51
Cтенд: stand3 игнорируется
---------------
Итерация № 16
Прогресс выполнения - 13%
Время запуска: 2023-07-06 17:02:51
Cтенд: stand4
Тест: EXT4 игнорируется
---------------
Итерация № 17
Прогресс выполнения - 14%
Время запуска: 2023-07-06 17:02:51
Cтенд: stand4
Тест: NTFS игнорируется
---------------
Итерация № 18
Прогресс выполнения - 15%
Время запуска: 2023-07-06 17:02:51
Cтенд: stand4
Тест: XFS игнорируется
---------------
Итерация № 19
Прогресс выполнения - 16%
Время запуска: 2023-07-06 17:02:51
Cтенд: stand4
Ядро: 5.10.176-1-generic
Тест: postgresql
Выполняется...
Выполнен
Время завершения: 2023-07-06 17:02:51
Затрачено времени: 0:00:00
---------------
Итерация № 20
Прогресс выполнения - 17%
Время запуска: 2023-07-06 17:02:51
Cтенд: stand4
Тест: syslog-ng игнорируется
---------------
Итерация № 21
Прогресс выполнения - 17%
Время запуска: 2023-07-06 17:02:51
Cтенд: stand1 игнорируется
---------------
Итерация № 22
Прогресс выполнения - 18%
Время запуска: 2023-07-06 17:02:51
Cтенд: stand1 игнорируется
---------------
Итерация № 23
Прогресс выполнения - 19%
Время запуска: 2023-07-06 17:02:51
Cтенд: stand1 игнорируется
---------------
Итерация № 24
Прогресс выполнения - 20%
Время запуска: 2023-07-06 17:02:51
Cтенд: stand1 игнорируется
---------------
Итерация № 25
Прогресс выполнения - 21%
Время запуска: 2023-07-06 17:02:51
Cтенд: stand1 игнорируется
---------------
Итерация № 26
Прогресс выполнения - 22%
Время запуска: 2023-07-06 17:02:51
Cтенд: stand2 игнорируется
---------------
Итерация № 27
Прогресс выполнения - 23%
Время запуска: 2023-07-06 17:02:51
Cтенд: stand2 игнорируется
---------------
Итерация № 28
Прогресс выполнения - 23%
Время запуска: 2023-07-06 17:02:51
Cтенд: stand2 игнорируется
---------------
Итерация № 29
Прогресс выполнения - 24%
Время запуска: 2023-07-06 17:02:51
Cтенд: stand2 игнорируется
---------------
Итерация № 30
Прогресс выполнения - 25%
Время запуска: 2023-07-06 17:02:51
Cтенд: stand2 игнорируется
---------------
Итерация № 31
Прогресс выполнения - 26%
Время запуска: 2023-07-06 17:02:51
Cтенд: stand3 игнорируется
---------------
Итерация № 32
Прогресс выполнения - 27%
Время запуска: 2023-07-06 17:02:51
Cтенд: stand3 игнорируется
---------------
Итерация № 33
Прогресс выполнения - 28%
Время запуска: 2023-07-06 17:02:51
Cтенд: stand3 игнорируется
---------------
Итерация № 34
Прогресс выполнения - 29%
Время запуска: 2023-07-06 17:02:51
Cтенд: stand3 игнорируется
---------------
Итерация № 35
Прогресс выполнения - 29%
Время запуска: 2023-07-06 17:02:51
Cтенд: stand3 игнорируется
---------------
Итерация № 36
Прогресс выполнения - 30%
Время запуска: 2023-07-06 17:02:51
Cтенд: stand4
Тест: EXT4 игнорируется
---------------
Итерация № 37
Прогресс выполнения - 31%
Время запуска: 2023-07-06 17:02:51
Cтенд: stand4
Тест: NTFS игнорируется
---------------
Итерация № 38
Прогресс выполнения - 32%
Время запуска: 2023-07-06 17:02:51
Cтенд: stand4
Тест: XFS игнорируется
---------------
Итерация № 39
Прогресс выполнения - 33%
Время запуска: 2023-07-06 17:02:51
Cтенд: stand4
Ядро: 5.15.0-70-generic
Тест: postgresql
Выполняется...
Выполнен
Время завершения: 2023-07-06 17:02:51
Затрачено времени: 0:00:00
---------------
Итерация № 40
Прогресс выполнения - 34%
Время запуска: 2023-07-06 17:02:51
Cтенд: stand4
Тест: syslog-ng игнорируется
---------------
Итерация № 41
Прогресс выполнения - 35%
Время запуска: 2023-07-06 17:02:51
Cтенд: stand1 игнорируется
---------------
Итерация № 42
Прогресс выполнения - 35%
Время запуска: 2023-07-06 17:02:51
Cтенд: stand1 игнорируется
---------------
Итерация № 43
Прогресс выполнения - 36%
Время запуска: 2023-07-06 17:02:51
Cтенд: stand1 игнорируется
---------------
Итерация № 44
Прогресс выполнения - 37%
Время запуска: 2023-07-06 17:02:51
Cтенд: stand1 игнорируется
---------------
Итерация № 45
Прогресс выполнения - 38%
Время запуска: 2023-07-06 17:02:51
Cтенд: stand1 игнорируется
---------------
Итерация № 46
Прогресс выполнения - 39%
Время запуска: 2023-07-06 17:02:51
Cтенд: stand2 игнорируется
---------------
Итерация № 47
Прогресс выполнения - 40%
Время запуска: 2023-07-06 17:02:51
Cтенд: stand2 игнорируется
---------------
Итерация № 48
Прогресс выполнения - 41%
Время запуска: 2023-07-06 17:02:51
Cтенд: stand2 игнорируется
---------------
Итерация № 49
Прогресс выполнения - 41%
Время запуска: 2023-07-06 17:02:51
Cтенд: stand2 игнорируется
---------------
Итерация № 50
Прогресс выполнения - 42%
Время запуска: 2023-07-06 17:02:51
Cтенд: stand2 игнорируется
---------------
Итерация № 51
Прогресс выполнения - 43%
Время запуска: 2023-07-06 17:02:51
Cтенд: stand3 игнорируется
---------------
Итерация № 52
Прогресс выполнения - 44%
Время запуска: 2023-07-06 17:02:51
Cтенд: stand3 игнорируется
---------------
Итерация № 53
Прогресс выполнения - 45%
Время запуска: 2023-07-06 17:02:51
Cтенд: stand3 игнорируется
---------------
Итерация № 54
Прогресс выполнения - 46%
Время запуска: 2023-07-06 17:02:51
Cтенд: stand3 игнорируется
---------------
Итерация № 55
Прогресс выполнения - 47%
Время запуска: 2023-07-06 17:02:51
Cтенд: stand3 игнорируется
---------------
Итерация № 56
Прогресс выполнения - 47%
Время запуска: 2023-07-06 17:02:51
Cтенд: stand4
Тест: EXT4 игнорируется
---------------
Итерация № 57
Прогресс выполнения - 48%
Время запуска: 2023-07-06 17:02:51
Cтенд: stand4
Тест: NTFS игнорируется
---------------
Итерация № 58
Прогресс выполнения - 49%
Время запуска: 2023-07-06 17:02:51
Cтенд: stand4
Тест: XFS игнорируется
---------------
Итерация № 59
Прогресс выполнения - 50%
Время запуска: 2023-07-06 17:02:51
Cтенд: stand4
Ядро: 5.15.0-70-lowlatency
Тест: postgresql
Выполняется...
Выполнен
Время завершения: 2023-07-06 17:02:51
Затрачено времени: 0:00:00
---------------
Итерация № 60
Прогресс выполнения - 51%
Время запуска: 2023-07-06 17:02:51
Cтенд: stand4
Тест: syslog-ng игнорируется
---------------
Итерация № 61
Прогресс выполнения - 52%
Время запуска: 2023-07-06 17:02:51
Cтенд: stand1 игнорируется
---------------
Итерация № 62
Прогресс выполнения - 52%
Время запуска: 2023-07-06 17:02:51
Cтенд: stand1 игнорируется
---------------
Итерация № 63
Прогресс выполнения - 53%
Время запуска: 2023-07-06 17:02:51
Cтенд: stand1 игнорируется
---------------
Итерация № 64
Прогресс выполнения - 54%
Время запуска: 2023-07-06 17:02:51
Cтенд: stand1 игнорируется
---------------
Итерация № 65
Прогресс выполнения - 55%
Время запуска: 2023-07-06 17:02:51
Cтенд: stand1 игнорируется
---------------
Итерация № 66
Прогресс выполнения - 56%
Время запуска: 2023-07-06 17:02:51
Cтенд: stand2 игнорируется
---------------
Итерация № 67
Прогресс выполнения - 57%
Время запуска: 2023-07-06 17:02:51
Cтенд: stand2 игнорируется
---------------
Итерация № 68
Прогресс выполнения - 58%
Время запуска: 2023-07-06 17:02:51
Cтенд: stand2 игнорируется
---------------
Итерация № 69
Прогресс выполнения - 58%
Время запуска: 2023-07-06 17:02:51
Cтенд: stand2 игнорируется
---------------
Итерация № 70
Прогресс выполнения - 59%
Время запуска: 2023-07-06 17:02:51
Cтенд: stand3 игнорируется
---------------
Итерация № 71
Прогресс выполнения - 60%
Время запуска: 2023-07-06 17:02:51
Cтенд: stand3 игнорируется
---------------
Итерация № 72
Прогресс выполнения - 61%
Время запуска: 2023-07-06 17:02:51
Cтенд: stand3 игнорируется
---------------
Итерация № 73
Прогресс выполнения - 62%
Время запуска: 2023-07-06 17:02:51
Cтенд: stand3 игнорируется
---------------
Итерация № 74
Прогресс выполнения - 63%
Время запуска: 2023-07-06 17:02:51
Cтенд: stand3 игнорируется
---------------
Итерация № 75
Прогресс выполнения - 64%
Время запуска: 2023-07-06 17:02:51
Cтенд: stand4
Тест: auditd-f игнорируется
---------------
Итерация № 76
Прогресс выполнения - 64%
Время запуска: 2023-07-06 17:02:51
Cтенд: stand4
Тест: auditd-p игнорируется
---------------
Итерация № 77
Прогресс выполнения - 65%
Время запуска: 2023-07-06 17:02:51
Cтенд: stand4
Тест: auditd-u игнорируется
---------------
Итерация № 78
Прогресс выполнения - 66%
Время запуска: 2023-07-06 17:02:51
Cтенд: stand4
Тест: EXT4 parsec игнорируется
---------------
Итерация № 79
Прогресс выполнения - 67%
Время запуска: 2023-07-06 17:02:51
Cтенд: stand4
Тест: postgresql-sm игнорируется
---------------
Итерация № 80
Прогресс выполнения - 68%
Время запуска: 2023-07-06 17:02:51
Cтенд: stand1 игнорируется
---------------
Итерация № 81
Прогресс выполнения - 69%
Время запуска: 2023-07-06 17:02:51
Cтенд: stand1 игнорируется
---------------
Итерация № 82
Прогресс выполнения - 70%
Время запуска: 2023-07-06 17:02:51
Cтенд: stand1 игнорируется
---------------
Итерация № 83
Прогресс выполнения - 70%
Время запуска: 2023-07-06 17:02:51
Cтенд: stand1 игнорируется
---------------
Итерация № 84
Прогресс выполнения - 71%
Время запуска: 2023-07-06 17:02:51
Cтенд: stand1 игнорируется
---------------
Итерация № 85
Прогресс выполнения - 72%
Время запуска: 2023-07-06 17:02:51
Cтенд: stand2 игнорируется
---------------
Итерация № 86
Прогресс выполнения - 73%
Время запуска: 2023-07-06 17:02:51
Cтенд: stand2 игнорируется
---------------
Итерация № 87
Прогресс выполнения - 74%
Время запуска: 2023-07-06 17:02:51
Cтенд: stand2 игнорируется
---------------
Итерация № 88
Прогресс выполнения - 75%
Время запуска: 2023-07-06 17:02:51
Cтенд: stand2 игнорируется
---------------
Итерация № 89
Прогресс выполнения - 76%
Время запуска: 2023-07-06 17:02:51
Cтенд: stand3 игнорируется
---------------
Итерация № 90
Прогресс выполнения - 76%
Время запуска: 2023-07-06 17:02:51
Cтенд: stand3 игнорируется
---------------
Итерация № 91
Прогресс выполнения - 77%
Время запуска: 2023-07-06 17:02:51
Cтенд: stand3 игнорируется
---------------
Итерация № 92
Прогресс выполнения - 78%
Время запуска: 2023-07-06 17:02:51
Cтенд: stand3 игнорируется
---------------
Итерация № 93
Прогресс выполнения - 79%
Время запуска: 2023-07-06 17:02:51
Cтенд: stand3 игнорируется
---------------
Итерация № 94
Прогресс выполнения - 80%
Время запуска: 2023-07-06 17:02:51
Cтенд: stand4
Тест: auditd-f игнорируется
---------------
Итерация № 95
Прогресс выполнения - 81%
Время запуска: 2023-07-06 17:02:51
Cтенд: stand4
Тест: auditd-p игнорируется
---------------
Итерация № 96
Прогресс выполнения - 82%
Время запуска: 2023-07-06 17:02:51
Cтенд: stand4
Тест: auditd-u игнорируется
---------------
Итерация № 97
Прогресс выполнения - 82%
Время запуска: 2023-07-06 17:02:51
Cтенд: stand4
Тест: EXT4 parsec игнорируется
---------------
Итерация № 98
Прогресс выполнения - 83%
Время запуска: 2023-07-06 17:02:51
Cтенд: stand4
Тест: postgresql-sm игнорируется
---------------
Итерация № 99
Прогресс выполнения - 84%
Время запуска: 2023-07-06 17:02:51
Cтенд: stand1 игнорируется
---------------
Итерация № 100
Прогресс выполнения - 85%
Время запуска: 2023-07-06 17:02:51
Cтенд: stand1 игнорируется
---------------
Итерация № 101
Прогресс выполнения - 86%
Время запуска: 2023-07-06 17:02:51
Cтенд: stand1 игнорируется
---------------
Итерация № 102
Прогресс выполнения - 87%
Время запуска: 2023-07-06 17:02:51
Cтенд: stand1 игнорируется
---------------
Итерация № 103
Прогресс выполнения - 88%
Время запуска: 2023-07-06 17:02:51
Cтенд: stand1 игнорируется
---------------
Итерация № 104
Прогресс выполнения - 88%
Время запуска: 2023-07-06 17:02:51
Cтенд: stand2 игнорируется
---------------
Итерация № 105
Прогресс выполнения - 89%
Время запуска: 2023-07-06 17:02:51
Cтенд: stand2 игнорируется
---------------
Итерация № 106
Прогресс выполнения - 90%
Время запуска: 2023-07-06 17:02:51
Cтенд: stand2 игнорируется
---------------
Итерация № 107
Прогресс выполнения - 91%
Время запуска: 2023-07-06 17:02:51
Cтенд: stand2 игнорируется
---------------
Итерация № 108
Прогресс выполнения - 92%
Время запуска: 2023-07-06 17:02:51
Cтенд: stand3 игнорируется
---------------
Итерация № 109
Прогресс выполнения - 93%
Время запуска: 2023-07-06 17:02:51
Cтенд: stand3 игнорируется
---------------
Итерация № 110
Прогресс выполнения - 94%
Время запуска: 2023-07-06 17:02:51
Cтенд: stand3 игнорируется
---------------
Итерация № 111
Прогресс выполнения - 94%
Время запуска: 2023-07-06 17:02:51
Cтенд: stand3 игнорируется
---------------
Итерация № 112
Прогресс выполнения - 95%
Время запуска: 2023-07-06 17:02:51
Cтенд: stand3 игнорируется
---------------
Итерация № 113
Прогресс выполнения - 96%
Время запуска: 2023-07-06 17:02:51
Cтенд: stand4
Тест: auditd-f игнорируется
---------------
Итерация № 114
Прогресс выполнения - 97%
Время запуска: 2023-07-06 17:02:51
Cтенд: stand4
Тест: auditd-p игнорируется
---------------
Итерация № 115
Прогресс выполнения - 98%
Время запуска: 2023-07-06 17:02:51
Cтенд: stand4
Тест: auditd-u игнорируется
---------------
Итерация № 116
Прогресс выполнения - 99%
Время запуска: 2023-07-06 17:02:51
Cтенд: stand4
Тест: EXT4 parsec игнорируется
---------------
Итерация № 117
Прогресс выполнения - 100%
Время запуска: 2023-07-06 17:02:51
Cтенд: stand4
Тест: postgresql-sm игнорируется

DONE
