ansible-playbook [core 2.16.14]
  config file = /home/u/git/stress_test/postgresql/balance/ansible.cfg
  configured module search path = ['/root/.ansible/plugins/modules', '/usr/share/ansible/plugins/modules']
  ansible python module location = /home/u/python/Python-3.12.1/venv/lib/python3.12/site-packages/ansible
  ansible collection location = /root/.ansible/collections:/usr/share/ansible/collections
  executable location = /home/u/python/Python-3.12.1/venv/bin/ansible-playbook
  python version = 3.12.1 (main, Feb 19 2025, 17:03:32) [GCC 12.2.0] (/home/u/python/Python-3.12.1/venv/bin/python3.12)
  jinja version = 3.1.5
  libyaml = True
Using /home/u/git/stress_test/postgresql/balance/ansible.cfg as config file
host_list declined parsing /home/u/git/stress_test/postgresql/balance/inventories/middle_hosts.yml as it did not pass its verify_file() method
script declined parsing /home/u/git/stress_test/postgresql/balance/inventories/middle_hosts.yml as it did not pass its verify_file() method
Parsed /home/u/git/stress_test/postgresql/balance/inventories/middle_hosts.yml inventory source with yaml plugin
redirecting (type: modules) ansible.builtin.postgresql_info to community.postgresql.postgresql_info
redirecting (type: modules) ansible.builtin.postgresql_query to community.postgresql.postgresql_query
Skipping callback 'default', as we already have a stdout callback.
Skipping callback 'minimal', as we already have a stdout callback.
Skipping callback 'oneline', as we already have a stdout callback.

PLAYBOOK: replication.yml ******************************************************
1 plays in tasks/checks/db/replication.yml
Read vars_file '../../../vars.yml'
Read vars_file '../../../vars.yml'
Read vars_file '../../../vars.yml'

PLAY [Check database replication status] ***************************************
Read vars_file '../../../vars.yml'

TASK [Gather info] *************************************************************
task path: /home/u/git/stress_test/postgresql/balance/tasks/checks/db/replication.yml:6
Read vars_file '../../../vars.yml'
Read vars_file '../../../vars.yml'
redirecting (type: modules) ansible.builtin.postgresql_info to community.postgresql.postgresql_info
redirecting (type: modules) ansible.builtin.postgresql_info to community.postgresql.postgresql_info
redirecting (type: modules) ansible.builtin.postgresql_info to community.postgresql.postgresql_info
redirecting (type: modules) ansible.builtin.postgresql_info to community.postgresql.postgresql_info
redirecting (type: modules) ansible.builtin.postgresql_info to community.postgresql.postgresql_info
redirecting (type: modules) ansible.builtin.postgresql_info to community.postgresql.postgresql_info
Using module file /home/u/python/Python-3.12.1/venv/lib/python3.12/site-packages/ansible_collections/community/postgresql/plugins/modules/postgresql_info.py
Pipelining is enabled.
<10.177.103.111> ESTABLISH SSH CONNECTION FOR USER: u
Using module file /home/u/python/Python-3.12.1/venv/lib/python3.12/site-packages/ansible_collections/community/postgresql/plugins/modules/postgresql_info.py
Pipelining is enabled.
Using module file /home/u/python/Python-3.12.1/venv/lib/python3.12/site-packages/ansible_collections/community/postgresql/plugins/modules/postgresql_info.py
Pipelining is enabled.
<10.177.103.112> ESTABLISH SSH CONNECTION FOR USER: u
<10.177.103.113> ESTABLISH SSH CONNECTION FOR USER: u
<10.177.103.111> SSH: EXEC sshpass -d13 ssh -o ControlMaster=auto -o ControlPersist=2m -o GlobalKnownHostsFile=/dev/null -o UserKnownHostsFile=/dev/null -o StrictHostKeyChecking=no -o StrictHostKeyChecking=no -o 'User="u"' -o ConnectTimeout=10 -o 'ControlPath="/root/.ansible/cp/c2e4e885e4"' 10.177.103.111 '/bin/sh -c '"'"'sudo -H -S -n  -u postgres /bin/sh -c '"'"'"'"'"'"'"'"'echo BECOME-SUCCESS-phyesuqbuzdxjqrpaqhwzuhhhnfaowgu ; /usr/bin/python3'"'"'"'"'"'"'"'"' && sleep 0'"'"''
<10.177.103.112> SSH: EXEC sshpass -d17 ssh -o ControlMaster=auto -o ControlPersist=2m -o GlobalKnownHostsFile=/dev/null -o UserKnownHostsFile=/dev/null -o StrictHostKeyChecking=no -o StrictHostKeyChecking=no -o 'User="u"' -o ConnectTimeout=10 -o 'ControlPath="/root/.ansible/cp/d6a65bfa00"' 10.177.103.112 '/bin/sh -c '"'"'sudo -H -S -n  -u postgres /bin/sh -c '"'"'"'"'"'"'"'"'echo BECOME-SUCCESS-rrkhglbktvwqfgvozpojomoduvrbwssw ; /usr/bin/python3'"'"'"'"'"'"'"'"' && sleep 0'"'"''
<10.177.103.113> SSH: EXEC sshpass -d21 ssh -o ControlMaster=auto -o ControlPersist=2m -o GlobalKnownHostsFile=/dev/null -o UserKnownHostsFile=/dev/null -o StrictHostKeyChecking=no -o StrictHostKeyChecking=no -o 'User="u"' -o ConnectTimeout=10 -o 'ControlPath="/root/.ansible/cp/4572b6000a"' 10.177.103.113 '/bin/sh -c '"'"'sudo -H -S -n  -u postgres /bin/sh -c '"'"'"'"'"'"'"'"'echo BECOME-SUCCESS-yrxdraljregysgruybirtrykjhbfoldc ; /usr/bin/python3'"'"'"'"'"'"'"'"' && sleep 0'"'"''
Escalation succeeded
Escalation succeeded
Escalation succeeded
<10.177.103.112> (0, b'\n{"version": {}, "in_recovery": true, "tablespaces": {}, "databases": {}, "replications": {}, "repl_slots": {}, "settings": {}, "roles": {}, "pending_restart_settings": [], "invocation": {"module_args": {"db": "contrprimer", "port": 5440, "filter": ["replications", "in_recovery"], "login_user": "postgres", "login_password": "", "login_host": "", "login_unix_socket": "", "ssl_mode": "prefer", "connect_params": {}, "trust_input": true, "ca_cert": null, "ssl_cert": null, "ssl_key": null, "session_role": null}}}\n', b'')
ok: [database_2] => {
    "changed": false,
    "databases": {},
    "in_recovery": true,
    "invocation": {
        "module_args": {
            "ca_cert": null,
            "connect_params": {},
            "db": "contrprimer",
            "filter": [
                "replications",
                "in_recovery"
            ],
            "login_host": "",
            "login_password": "",
            "login_unix_socket": "",
            "login_user": "postgres",
            "port": 5440,
            "session_role": null,
            "ssl_cert": null,
            "ssl_key": null,
            "ssl_mode": "prefer",
            "trust_input": true
        }
    },
    "pending_restart_settings": [],
    "repl_slots": {},
    "replications": {},
    "roles": {},
    "settings": {},
    "tablespaces": {},
    "version": {}
}
<10.177.103.111> (0, b'\n{"version": {}, "in_recovery": false, "tablespaces": {}, "databases": {}, "replications": {}, "repl_slots": {}, "settings": {}, "roles": {}, "pending_restart_settings": [], "invocation": {"module_args": {"db": "contrprimer", "port": 5440, "filter": ["replications", "in_recovery"], "login_user": "postgres", "login_password": "", "login_host": "", "login_unix_socket": "", "ssl_mode": "prefer", "connect_params": {}, "trust_input": true, "ca_cert": null, "ssl_cert": null, "ssl_key": null, "session_role": null}}}\n', b'')
ok: [database] => {
    "changed": false,
    "databases": {},
    "in_recovery": false,
    "invocation": {
        "module_args": {
            "ca_cert": null,
            "connect_params": {},
            "db": "contrprimer",
            "filter": [
                "replications",
                "in_recovery"
            ],
            "login_host": "",
            "login_password": "",
            "login_unix_socket": "",
            "login_user": "postgres",
            "port": 5440,
            "session_role": null,
            "ssl_cert": null,
            "ssl_key": null,
            "ssl_mode": "prefer",
            "trust_input": true
        }
    },
    "pending_restart_settings": [],
    "repl_slots": {},
    "replications": {},
    "roles": {},
    "settings": {},
    "tablespaces": {},
    "version": {}
}
<10.177.103.113> (0, b'\n{"version": {}, "in_recovery": true, "tablespaces": {}, "databases": {}, "replications": {}, "repl_slots": {}, "settings": {}, "roles": {}, "pending_restart_settings": [], "invocation": {"module_args": {"db": "contrprimer", "port": 5440, "filter": ["replications", "in_recovery"], "login_user": "postgres", "login_password": "", "login_host": "", "login_unix_socket": "", "ssl_mode": "prefer", "connect_params": {}, "trust_input": true, "ca_cert": null, "ssl_cert": null, "ssl_key": null, "session_role": null}}}\n', b'')
ok: [database_3] => {
    "changed": false,
    "databases": {},
    "in_recovery": true,
    "invocation": {
        "module_args": {
            "ca_cert": null,
            "connect_params": {},
            "db": "contrprimer",
            "filter": [
                "replications",
                "in_recovery"
            ],
            "login_host": "",
            "login_password": "",
            "login_unix_socket": "",
            "login_user": "postgres",
            "port": 5440,
            "session_role": null,
            "ssl_cert": null,
            "ssl_key": null,
            "ssl_mode": "prefer",
            "trust_input": true
        }
    },
    "pending_restart_settings": [],
    "repl_slots": {},
    "replications": {},
    "roles": {},
    "settings": {},
    "tablespaces": {},
    "version": {}
}
Read vars_file '../../../vars.yml'

TASK [Show info] ***************************************************************
task path: /home/u/git/stress_test/postgresql/balance/tasks/checks/db/replication.yml:15
Read vars_file '../../../vars.yml'
Read vars_file '../../../vars.yml'
ok: [database] => {
    "msg": {
        "IP": "10.177.103.111",
        "In recovery?": false
    }
}
ok: [database_2] => {
    "msg": {
        "IP": "10.177.103.112",
        "In recovery?": true
    }
}
ok: [database_3] => {
    "msg": {
        "IP": "10.177.103.113",
        "In recovery?": true
    }
}
Read vars_file '../../../vars.yml'

TASK [List physical replication slots] *****************************************
task path: /home/u/git/stress_test/postgresql/balance/tasks/checks/db/replication.yml:24
Read vars_file '../../../vars.yml'
Read vars_file '../../../vars.yml'
redirecting (type: modules) ansible.builtin.postgresql_query to community.postgresql.postgresql_query
redirecting (type: modules) ansible.builtin.postgresql_query to community.postgresql.postgresql_query
redirecting (type: modules) ansible.builtin.postgresql_query to community.postgresql.postgresql_query
redirecting (type: modules) ansible.builtin.postgresql_query to community.postgresql.postgresql_query
redirecting (type: modules) ansible.builtin.postgresql_query to community.postgresql.postgresql_query
redirecting (type: modules) ansible.builtin.postgresql_query to community.postgresql.postgresql_query
Using module file /home/u/python/Python-3.12.1/venv/lib/python3.12/site-packages/ansible_collections/community/postgresql/plugins/modules/postgresql_query.py
Pipelining is enabled.
<10.177.103.111> ESTABLISH SSH CONNECTION FOR USER: u
Using module file /home/u/python/Python-3.12.1/venv/lib/python3.12/site-packages/ansible_collections/community/postgresql/plugins/modules/postgresql_query.py
Using module file /home/u/python/Python-3.12.1/venv/lib/python3.12/site-packages/ansible_collections/community/postgresql/plugins/modules/postgresql_query.py
Pipelining is enabled.
Pipelining is enabled.
<10.177.103.112> ESTABLISH SSH CONNECTION FOR USER: u
<10.177.103.113> ESTABLISH SSH CONNECTION FOR USER: u
<10.177.103.111> SSH: EXEC sshpass -d20 ssh -o ControlMaster=auto -o ControlPersist=2m -o GlobalKnownHostsFile=/dev/null -o UserKnownHostsFile=/dev/null -o StrictHostKeyChecking=no -o StrictHostKeyChecking=no -o 'User="u"' -o ConnectTimeout=10 -o 'ControlPath="/root/.ansible/cp/c2e4e885e4"' 10.177.103.111 '/bin/sh -c '"'"'sudo -H -S -n  -u postgres /bin/sh -c '"'"'"'"'"'"'"'"'echo BECOME-SUCCESS-afrniqlfsjhekfywbeashawivcsiprrt ; /usr/bin/python3'"'"'"'"'"'"'"'"' && sleep 0'"'"''
<10.177.103.113> SSH: EXEC sshpass -d21 ssh -o ControlMaster=auto -o ControlPersist=2m -o GlobalKnownHostsFile=/dev/null -o UserKnownHostsFile=/dev/null -o StrictHostKeyChecking=no -o StrictHostKeyChecking=no -o 'User="u"' -o ConnectTimeout=10 -o 'ControlPath="/root/.ansible/cp/4572b6000a"' 10.177.103.113 '/bin/sh -c '"'"'sudo -H -S -n  -u postgres /bin/sh -c '"'"'"'"'"'"'"'"'echo BECOME-SUCCESS-eeqwkaawkeksyahxpnkulxjyjjqqtgvq ; /usr/bin/python3'"'"'"'"'"'"'"'"' && sleep 0'"'"''
<10.177.103.112> SSH: EXEC sshpass -d19 ssh -o ControlMaster=auto -o ControlPersist=2m -o GlobalKnownHostsFile=/dev/null -o UserKnownHostsFile=/dev/null -o StrictHostKeyChecking=no -o StrictHostKeyChecking=no -o 'User="u"' -o ConnectTimeout=10 -o 'ControlPath="/root/.ansible/cp/d6a65bfa00"' 10.177.103.112 '/bin/sh -c '"'"'sudo -H -S -n  -u postgres /bin/sh -c '"'"'"'"'"'"'"'"'echo BECOME-SUCCESS-sfegybtraihlwbkeklozjbmjzwuccazs ; /usr/bin/python3'"'"'"'"'"'"'"'"' && sleep 0'"'"''
Escalation succeeded
Escalation succeeded
Escalation succeeded
<10.177.103.111> (0, b'\n{"changed": false, "query": "SELECT * FROM pg_replication_slots;", "query_list": ["SELECT * FROM pg_replication_slots;"], "statusmessage": "SELECT 2", "query_result": [{"slot_name": "database3_balance_rbt", "plugin": null, "slot_type": "physical", "datoid": null, "database": null, "temporary": false, "active": false, "active_pid": null, "xmin": null, "catalog_xmin": null, "restart_lsn": "0/5000148", "confirmed_flush_lsn": null, "wal_status": "reserved", "safe_wal_size": null, "two_phase": false, "maclabel": null}, {"slot_name": "database2_balance_rbt", "plugin": null, "slot_type": "physical", "datoid": null, "database": null, "temporary": false, "active": false, "active_pid": null, "xmin": null, "catalog_xmin": null, "restart_lsn": "0/50001C0", "confirmed_flush_lsn": null, "wal_status": "reserved", "safe_wal_size": null, "two_phase": false, "maclabel": null}], "query_all_results": [[{"slot_name": "database3_balance_rbt", "plugin": null, "slot_type": "physical", "datoid": null, "database": null, "temporary": false, "active": false, "active_pid": null, "xmin": null, "catalog_xmin": null, "restart_lsn": "0/5000148", "confirmed_flush_lsn": null, "wal_status": "reserved", "safe_wal_size": null, "two_phase": false, "maclabel": null}, {"slot_name": "database2_balance_rbt", "plugin": null, "slot_type": "physical", "datoid": null, "database": null, "temporary": false, "active": false, "active_pid": null, "xmin": null, "catalog_xmin": null, "restart_lsn": "0/50001C0", "confirmed_flush_lsn": null, "wal_status": "reserved", "safe_wal_size": null, "two_phase": false, "maclabel": null}]], "rowcount": 2, "invocation": {"module_args": {"port": 5440, "db": "postgres", "query": "SELECT * FROM pg_replication_slots;", "login_user": "postgres", "login_password": "", "login_host": "", "login_unix_socket": "", "ssl_mode": "prefer", "connect_params": {}, "autocommit": false, "trust_input": true, "ca_cert": null, "ssl_cert": null, "ssl_key": null, "positional_args": null, "named_args": null, "session_role": null, "encoding": null, "search_path": null}}}\n', b'')
ok: [database] => {
    "changed": false,
    "invocation": {
        "module_args": {
            "autocommit": false,
            "ca_cert": null,
            "connect_params": {},
            "db": "postgres",
            "encoding": null,
            "login_host": "",
            "login_password": "",
            "login_unix_socket": "",
            "login_user": "postgres",
            "named_args": null,
            "port": 5440,
            "positional_args": null,
            "query": "SELECT * FROM pg_replication_slots;",
            "search_path": null,
            "session_role": null,
            "ssl_cert": null,
            "ssl_key": null,
            "ssl_mode": "prefer",
            "trust_input": true
        }
    },
    "query": "SELECT * FROM pg_replication_slots;",
    "query_all_results": [
        [
            {
                "active": false,
                "active_pid": null,
                "catalog_xmin": null,
                "confirmed_flush_lsn": null,
                "database": null,
                "datoid": null,
                "maclabel": null,
                "plugin": null,
                "restart_lsn": "0/5000148",
                "safe_wal_size": null,
                "slot_name": "database3_balance_rbt",
                "slot_type": "physical",
                "temporary": false,
                "two_phase": false,
                "wal_status": "reserved",
                "xmin": null
            },
            {
                "active": false,
                "active_pid": null,
                "catalog_xmin": null,
                "confirmed_flush_lsn": null,
                "database": null,
                "datoid": null,
                "maclabel": null,
                "plugin": null,
                "restart_lsn": "0/50001C0",
                "safe_wal_size": null,
                "slot_name": "database2_balance_rbt",
                "slot_type": "physical",
                "temporary": false,
                "two_phase": false,
                "wal_status": "reserved",
                "xmin": null
            }
        ]
    ],
    "query_list": [
        "SELECT * FROM pg_replication_slots;"
    ],
    "query_result": [
        {
            "active": false,
            "active_pid": null,
            "catalog_xmin": null,
            "confirmed_flush_lsn": null,
            "database": null,
            "datoid": null,
            "maclabel": null,
            "plugin": null,
            "restart_lsn": "0/5000148",
            "safe_wal_size": null,
            "slot_name": "database3_balance_rbt",
            "slot_type": "physical",
            "temporary": false,
            "two_phase": false,
            "wal_status": "reserved",
            "xmin": null
        },
        {
            "active": false,
            "active_pid": null,
            "catalog_xmin": null,
            "confirmed_flush_lsn": null,
            "database": null,
            "datoid": null,
            "maclabel": null,
            "plugin": null,
            "restart_lsn": "0/50001C0",
            "safe_wal_size": null,
            "slot_name": "database2_balance_rbt",
            "slot_type": "physical",
            "temporary": false,
            "two_phase": false,
            "wal_status": "reserved",
            "xmin": null
        }
    ],
    "rowcount": 2,
    "statusmessage": "SELECT 2"
}
<10.177.103.112> (0, b'\n{"changed": false, "query": "SELECT * FROM pg_replication_slots;", "query_list": ["SELECT * FROM pg_replication_slots;"], "statusmessage": "SELECT 2", "query_result": [{"slot_name": "database3_balance_rbt", "plugin": null, "slot_type": "physical", "datoid": null, "database": null, "temporary": false, "active": false, "active_pid": null, "xmin": null, "catalog_xmin": null, "restart_lsn": null, "confirmed_flush_lsn": null, "wal_status": null, "safe_wal_size": null, "two_phase": false, "maclabel": null}, {"slot_name": "database1_balance_rbt", "plugin": null, "slot_type": "physical", "datoid": null, "database": null, "temporary": false, "active": false, "active_pid": null, "xmin": null, "catalog_xmin": null, "restart_lsn": null, "confirmed_flush_lsn": null, "wal_status": null, "safe_wal_size": null, "two_phase": false, "maclabel": null}], "query_all_results": [[{"slot_name": "database3_balance_rbt", "plugin": null, "slot_type": "physical", "datoid": null, "database": null, "temporary": false, "active": false, "active_pid": null, "xmin": null, "catalog_xmin": null, "restart_lsn": null, "confirmed_flush_lsn": null, "wal_status": null, "safe_wal_size": null, "two_phase": false, "maclabel": null}, {"slot_name": "database1_balance_rbt", "plugin": null, "slot_type": "physical", "datoid": null, "database": null, "temporary": false, "active": false, "active_pid": null, "xmin": null, "catalog_xmin": null, "restart_lsn": null, "confirmed_flush_lsn": null, "wal_status": null, "safe_wal_size": null, "two_phase": false, "maclabel": null}]], "rowcount": 2, "invocation": {"module_args": {"port": 5440, "db": "postgres", "query": "SELECT * FROM pg_replication_slots;", "login_user": "postgres", "login_password": "", "login_host": "", "login_unix_socket": "", "ssl_mode": "prefer", "connect_params": {}, "autocommit": false, "trust_input": true, "ca_cert": null, "ssl_cert": null, "ssl_key": null, "positional_args": null, "named_args": null, "session_role": null, "encoding": null, "search_path": null}}}\n', b'')
ok: [database_2] => {
    "changed": false,
    "invocation": {
        "module_args": {
            "autocommit": false,
            "ca_cert": null,
            "connect_params": {},
            "db": "postgres",
            "encoding": null,
            "login_host": "",
            "login_password": "",
            "login_unix_socket": "",
            "login_user": "postgres",
            "named_args": null,
            "port": 5440,
            "positional_args": null,
            "query": "SELECT * FROM pg_replication_slots;",
            "search_path": null,
            "session_role": null,
            "ssl_cert": null,
            "ssl_key": null,
            "ssl_mode": "prefer",
            "trust_input": true
        }
    },
    "query": "SELECT * FROM pg_replication_slots;",
    "query_all_results": [
        [
            {
                "active": false,
                "active_pid": null,
                "catalog_xmin": null,
                "confirmed_flush_lsn": null,
                "database": null,
                "datoid": null,
                "maclabel": null,
                "plugin": null,
                "restart_lsn": null,
                "safe_wal_size": null,
                "slot_name": "database3_balance_rbt",
                "slot_type": "physical",
                "temporary": false,
                "two_phase": false,
                "wal_status": null,
                "xmin": null
            },
            {
                "active": false,
                "active_pid": null,
                "catalog_xmin": null,
                "confirmed_flush_lsn": null,
                "database": null,
                "datoid": null,
                "maclabel": null,
                "plugin": null,
                "restart_lsn": null,
                "safe_wal_size": null,
                "slot_name": "database1_balance_rbt",
                "slot_type": "physical",
                "temporary": false,
                "two_phase": false,
                "wal_status": null,
                "xmin": null
            }
        ]
    ],
    "query_list": [
        "SELECT * FROM pg_replication_slots;"
    ],
    "query_result": [
        {
            "active": false,
            "active_pid": null,
            "catalog_xmin": null,
            "confirmed_flush_lsn": null,
            "database": null,
            "datoid": null,
            "maclabel": null,
            "plugin": null,
            "restart_lsn": null,
            "safe_wal_size": null,
            "slot_name": "database3_balance_rbt",
            "slot_type": "physical",
            "temporary": false,
            "two_phase": false,
            "wal_status": null,
            "xmin": null
        },
        {
            "active": false,
            "active_pid": null,
            "catalog_xmin": null,
            "confirmed_flush_lsn": null,
            "database": null,
            "datoid": null,
            "maclabel": null,
            "plugin": null,
            "restart_lsn": null,
            "safe_wal_size": null,
            "slot_name": "database1_balance_rbt",
            "slot_type": "physical",
            "temporary": false,
            "two_phase": false,
            "wal_status": null,
            "xmin": null
        }
    ],
    "rowcount": 2,
    "statusmessage": "SELECT 2"
}
<10.177.103.113> (0, b'\n{"changed": false, "query": "SELECT * FROM pg_replication_slots;", "query_list": ["SELECT * FROM pg_replication_slots;"], "statusmessage": "SELECT 2", "query_result": [{"slot_name": "database2_balance_rbt", "plugin": null, "slot_type": "physical", "datoid": null, "database": null, "temporary": false, "active": false, "active_pid": null, "xmin": null, "catalog_xmin": null, "restart_lsn": null, "confirmed_flush_lsn": null, "wal_status": null, "safe_wal_size": null, "two_phase": false, "maclabel": null}, {"slot_name": "database1_balance_rbt", "plugin": null, "slot_type": "physical", "datoid": null, "database": null, "temporary": false, "active": false, "active_pid": null, "xmin": null, "catalog_xmin": null, "restart_lsn": null, "confirmed_flush_lsn": null, "wal_status": null, "safe_wal_size": null, "two_phase": false, "maclabel": null}], "query_all_results": [[{"slot_name": "database2_balance_rbt", "plugin": null, "slot_type": "physical", "datoid": null, "database": null, "temporary": false, "active": false, "active_pid": null, "xmin": null, "catalog_xmin": null, "restart_lsn": null, "confirmed_flush_lsn": null, "wal_status": null, "safe_wal_size": null, "two_phase": false, "maclabel": null}, {"slot_name": "database1_balance_rbt", "plugin": null, "slot_type": "physical", "datoid": null, "database": null, "temporary": false, "active": false, "active_pid": null, "xmin": null, "catalog_xmin": null, "restart_lsn": null, "confirmed_flush_lsn": null, "wal_status": null, "safe_wal_size": null, "two_phase": false, "maclabel": null}]], "rowcount": 2, "invocation": {"module_args": {"port": 5440, "db": "postgres", "query": "SELECT * FROM pg_replication_slots;", "login_user": "postgres", "login_password": "", "login_host": "", "login_unix_socket": "", "ssl_mode": "prefer", "connect_params": {}, "autocommit": false, "trust_input": true, "ca_cert": null, "ssl_cert": null, "ssl_key": null, "positional_args": null, "named_args": null, "session_role": null, "encoding": null, "search_path": null}}}\n', b'')
ok: [database_3] => {
    "changed": false,
    "invocation": {
        "module_args": {
            "autocommit": false,
            "ca_cert": null,
            "connect_params": {},
            "db": "postgres",
            "encoding": null,
            "login_host": "",
            "login_password": "",
            "login_unix_socket": "",
            "login_user": "postgres",
            "named_args": null,
            "port": 5440,
            "positional_args": null,
            "query": "SELECT * FROM pg_replication_slots;",
            "search_path": null,
            "session_role": null,
            "ssl_cert": null,
            "ssl_key": null,
            "ssl_mode": "prefer",
            "trust_input": true
        }
    },
    "query": "SELECT * FROM pg_replication_slots;",
    "query_all_results": [
        [
            {
                "active": false,
                "active_pid": null,
                "catalog_xmin": null,
                "confirmed_flush_lsn": null,
                "database": null,
                "datoid": null,
                "maclabel": null,
                "plugin": null,
                "restart_lsn": null,
                "safe_wal_size": null,
                "slot_name": "database2_balance_rbt",
                "slot_type": "physical",
                "temporary": false,
                "two_phase": false,
                "wal_status": null,
                "xmin": null
            },
            {
                "active": false,
                "active_pid": null,
                "catalog_xmin": null,
                "confirmed_flush_lsn": null,
                "database": null,
                "datoid": null,
                "maclabel": null,
                "plugin": null,
                "restart_lsn": null,
                "safe_wal_size": null,
                "slot_name": "database1_balance_rbt",
                "slot_type": "physical",
                "temporary": false,
                "two_phase": false,
                "wal_status": null,
                "xmin": null
            }
        ]
    ],
    "query_list": [
        "SELECT * FROM pg_replication_slots;"
    ],
    "query_result": [
        {
            "active": false,
            "active_pid": null,
            "catalog_xmin": null,
            "confirmed_flush_lsn": null,
            "database": null,
            "datoid": null,
            "maclabel": null,
            "plugin": null,
            "restart_lsn": null,
            "safe_wal_size": null,
            "slot_name": "database2_balance_rbt",
            "slot_type": "physical",
            "temporary": false,
            "two_phase": false,
            "wal_status": null,
            "xmin": null
        },
        {
            "active": false,
            "active_pid": null,
            "catalog_xmin": null,
            "confirmed_flush_lsn": null,
            "database": null,
            "datoid": null,
            "maclabel": null,
            "plugin": null,
            "restart_lsn": null,
            "safe_wal_size": null,
            "slot_name": "database1_balance_rbt",
            "slot_type": "physical",
            "temporary": false,
            "two_phase": false,
            "wal_status": null,
            "xmin": null
        }
    ],
    "rowcount": 2,
    "statusmessage": "SELECT 2"
}
Read vars_file '../../../vars.yml'

TASK [debug] *******************************************************************
task path: /home/u/git/stress_test/postgresql/balance/tasks/checks/db/replication.yml:32
Read vars_file '../../../vars.yml'
Read vars_file '../../../vars.yml'
ok: [database] => (item={'slot_name': 'database3_balance_rbt', 'plugin': None, 'slot_type': 'physical', 'datoid': None, 'database': None, 'temporary': False, 'active': False, 'active_pid': None, 'xmin': None, 'catalog_xmin': None, 'restart_lsn': '0/5000148', 'confirmed_flush_lsn': None, 'wal_status': 'reserved', 'safe_wal_size': None, 'two_phase': False, 'maclabel': None}) => {
    "msg": "slot_name: database3_balance_rbt, restart_lsn: 0/5000148"
}
ok: [database] => (item={'slot_name': 'database2_balance_rbt', 'plugin': None, 'slot_type': 'physical', 'datoid': None, 'database': None, 'temporary': False, 'active': False, 'active_pid': None, 'xmin': None, 'catalog_xmin': None, 'restart_lsn': '0/50001C0', 'confirmed_flush_lsn': None, 'wal_status': 'reserved', 'safe_wal_size': None, 'two_phase': False, 'maclabel': None}) => {
    "msg": "slot_name: database2_balance_rbt, restart_lsn: 0/50001C0"
}
ok: [database_2] => (item={'slot_name': 'database3_balance_rbt', 'plugin': None, 'slot_type': 'physical', 'datoid': None, 'database': None, 'temporary': False, 'active': False, 'active_pid': None, 'xmin': None, 'catalog_xmin': None, 'restart_lsn': None, 'confirmed_flush_lsn': None, 'wal_status': None, 'safe_wal_size': None, 'two_phase': False, 'maclabel': None}) => {
    "msg": "slot_name: database3_balance_rbt, restart_lsn: "
}
ok: [database_2] => (item={'slot_name': 'database1_balance_rbt', 'plugin': None, 'slot_type': 'physical', 'datoid': None, 'database': None, 'temporary': False, 'active': False, 'active_pid': None, 'xmin': None, 'catalog_xmin': None, 'restart_lsn': None, 'confirmed_flush_lsn': None, 'wal_status': None, 'safe_wal_size': None, 'two_phase': False, 'maclabel': None}) => {
    "msg": "slot_name: database1_balance_rbt, restart_lsn: "
}
ok: [database_3] => (item={'slot_name': 'database2_balance_rbt', 'plugin': None, 'slot_type': 'physical', 'datoid': None, 'database': None, 'temporary': False, 'active': False, 'active_pid': None, 'xmin': None, 'catalog_xmin': None, 'restart_lsn': None, 'confirmed_flush_lsn': None, 'wal_status': None, 'safe_wal_size': None, 'two_phase': False, 'maclabel': None}) => {
    "msg": "slot_name: database2_balance_rbt, restart_lsn: "
}
ok: [database_3] => (item={'slot_name': 'database1_balance_rbt', 'plugin': None, 'slot_type': 'physical', 'datoid': None, 'database': None, 'temporary': False, 'active': False, 'active_pid': None, 'xmin': None, 'catalog_xmin': None, 'restart_lsn': None, 'confirmed_flush_lsn': None, 'wal_status': None, 'safe_wal_size': None, 'two_phase': False, 'maclabel': None}) => {
    "msg": "slot_name: database1_balance_rbt, restart_lsn: "
}
Read vars_file '../../../vars.yml'

TASK [Read postgresql.auto.conf] ***********************************************
task path: /home/u/git/stress_test/postgresql/balance/tasks/checks/db/replication.yml:38
Read vars_file '../../../vars.yml'
Read vars_file '../../../vars.yml'
Using module file /home/u/python/Python-3.12.1/venv/lib/python3.12/site-packages/ansible/modules/command.py
Pipelining is enabled.
<10.177.103.111> ESTABLISH SSH CONNECTION FOR USER: u
Using module file /home/u/python/Python-3.12.1/venv/lib/python3.12/site-packages/ansible/modules/command.py
Using module file /home/u/python/Python-3.12.1/venv/lib/python3.12/site-packages/ansible/modules/command.py
Pipelining is enabled.
Pipelining is enabled.
<10.177.103.112> ESTABLISH SSH CONNECTION FOR USER: u
<10.177.103.113> ESTABLISH SSH CONNECTION FOR USER: u
<10.177.103.111> SSH: EXEC sshpass -d20 ssh -o ControlMaster=auto -o ControlPersist=2m -o GlobalKnownHostsFile=/dev/null -o UserKnownHostsFile=/dev/null -o StrictHostKeyChecking=no -o StrictHostKeyChecking=no -o 'User="u"' -o ConnectTimeout=10 -o 'ControlPath="/root/.ansible/cp/c2e4e885e4"' 10.177.103.111 '/bin/sh -c '"'"'sudo -H -S -n  -u root /bin/sh -c '"'"'"'"'"'"'"'"'echo BECOME-SUCCESS-aymcqucqncmqgvvtjvihzribfaxfqgxn ; /usr/bin/python3'"'"'"'"'"'"'"'"' && sleep 0'"'"''
<10.177.103.112> SSH: EXEC sshpass -d19 ssh -o ControlMaster=auto -o ControlPersist=2m -o GlobalKnownHostsFile=/dev/null -o UserKnownHostsFile=/dev/null -o StrictHostKeyChecking=no -o StrictHostKeyChecking=no -o 'User="u"' -o ConnectTimeout=10 -o 'ControlPath="/root/.ansible/cp/d6a65bfa00"' 10.177.103.112 '/bin/sh -c '"'"'sudo -H -S -n  -u root /bin/sh -c '"'"'"'"'"'"'"'"'echo BECOME-SUCCESS-wgrwllenorjjqzxcgxrhcgbiwkgwrldo ; /usr/bin/python3'"'"'"'"'"'"'"'"' && sleep 0'"'"''
<10.177.103.113> SSH: EXEC sshpass -d21 ssh -o ControlMaster=auto -o ControlPersist=2m -o GlobalKnownHostsFile=/dev/null -o UserKnownHostsFile=/dev/null -o StrictHostKeyChecking=no -o StrictHostKeyChecking=no -o 'User="u"' -o ConnectTimeout=10 -o 'ControlPath="/root/.ansible/cp/4572b6000a"' 10.177.103.113 '/bin/sh -c '"'"'sudo -H -S -n  -u root /bin/sh -c '"'"'"'"'"'"'"'"'echo BECOME-SUCCESS-tofodgxhfrpsfgjeixhpzujwlivabxnf ; /usr/bin/python3'"'"'"'"'"'"'"'"' && sleep 0'"'"''
Escalation succeeded
Escalation succeeded
Escalation succeeded
<10.177.103.112> (0, b'\n{"changed": true, "stdout": "# Do not edit this file manually!\\n# It will be overwritten by the ALTER SYSTEM command.\\nprimary_conninfo = \'user=postgres passfile=\'\'/var/lib/postgresql/.pgpass\'\' channel_binding=prefer host=database1.balance.rbt port=5440 sslmode=prefer sslcompression=0 sslsni=1 ssl_min_protocol_version=TLSv1.2 gssencmode=prefer krbsrvname=postgres target_session_attrs=any\'\\nprimary_slot_name = \'database2_balance_rbt\'", "stderr": "", "rc": 0, "cmd": ["cat", "/var/lib/postgresql/15/contrprimer/postgresql.auto.conf"], "start": "2025-02-19 18:18:08.889205", "end": "2025-02-19 18:18:08.895985", "delta": "0:00:00.006780", "msg": "", "invocation": {"module_args": {"_raw_params": "cat /var/lib/postgresql/15/contrprimer/postgresql.auto.conf\\n", "_uses_shell": false, "expand_argument_vars": true, "stdin_add_newline": true, "strip_empty_ends": true, "argv": null, "chdir": null, "executable": null, "creates": null, "removes": null, "stdin": null}}}\n', b'')
<10.177.103.111> (0, b'\n{"changed": true, "stdout": "# Do not edit this file manually!\\n# It will be overwritten by the ALTER SYSTEM command.", "stderr": "", "rc": 0, "cmd": ["cat", "/var/lib/postgresql/15/contrprimer/postgresql.auto.conf"], "start": "2025-02-19 18:18:08.724670", "end": "2025-02-19 18:18:08.735807", "delta": "0:00:00.011137", "msg": "", "invocation": {"module_args": {"_raw_params": "cat /var/lib/postgresql/15/contrprimer/postgresql.auto.conf\\n", "_uses_shell": false, "expand_argument_vars": true, "stdin_add_newline": true, "strip_empty_ends": true, "argv": null, "chdir": null, "executable": null, "creates": null, "removes": null, "stdin": null}}}\n', b'')
ok: [database_2] => {
    "changed": false,
    "cmd": [
        "cat",
        "/var/lib/postgresql/15/contrprimer/postgresql.auto.conf"
    ],
    "delta": "0:00:00.006780",
    "end": "2025-02-19 18:18:08.895985",
    "failed_when_result": false,
    "invocation": {
        "module_args": {
            "_raw_params": "cat /var/lib/postgresql/15/contrprimer/postgresql.auto.conf\n",
            "_uses_shell": false,
            "argv": null,
            "chdir": null,
            "creates": null,
            "executable": null,
            "expand_argument_vars": true,
            "removes": null,
            "stdin": null,
            "stdin_add_newline": true,
            "strip_empty_ends": true
        }
    },
    "msg": "",
    "rc": 0,
    "start": "2025-02-19 18:18:08.889205",
    "stderr": "",
    "stderr_lines": [],
    "stdout": "# Do not edit this file manually!\n# It will be overwritten by the ALTER SYSTEM command.\nprimary_conninfo = 'user=postgres passfile=''/var/lib/postgresql/.pgpass'' channel_binding=prefer host=database1.balance.rbt port=5440 sslmode=prefer sslcompression=0 sslsni=1 ssl_min_protocol_version=TLSv1.2 gssencmode=prefer krbsrvname=postgres target_session_attrs=any'\nprimary_slot_name = 'database2_balance_rbt'",
    "stdout_lines": [
        "# Do not edit this file manually!",
        "# It will be overwritten by the ALTER SYSTEM command.",
        "primary_conninfo = 'user=postgres passfile=''/var/lib/postgresql/.pgpass'' channel_binding=prefer host=database1.balance.rbt port=5440 sslmode=prefer sslcompression=0 sslsni=1 ssl_min_protocol_version=TLSv1.2 gssencmode=prefer krbsrvname=postgres target_session_attrs=any'",
        "primary_slot_name = 'database2_balance_rbt'"
    ]
}
ok: [database] => {
    "changed": false,
    "cmd": [
        "cat",
        "/var/lib/postgresql/15/contrprimer/postgresql.auto.conf"
    ],
    "delta": "0:00:00.011137",
    "end": "2025-02-19 18:18:08.735807",
    "failed_when_result": false,
    "invocation": {
        "module_args": {
            "_raw_params": "cat /var/lib/postgresql/15/contrprimer/postgresql.auto.conf\n",
            "_uses_shell": false,
            "argv": null,
            "chdir": null,
            "creates": null,
            "executable": null,
            "expand_argument_vars": true,
            "removes": null,
            "stdin": null,
            "stdin_add_newline": true,
            "strip_empty_ends": true
        }
    },
    "msg": "",
    "rc": 0,
    "start": "2025-02-19 18:18:08.724670",
    "stderr": "",
    "stderr_lines": [],
    "stdout": "# Do not edit this file manually!\n# It will be overwritten by the ALTER SYSTEM command.",
    "stdout_lines": [
        "# Do not edit this file manually!",
        "# It will be overwritten by the ALTER SYSTEM command."
    ]
}
<10.177.103.113> (0, b'\n{"changed": true, "stdout": "# Do not edit this file manually!\\n# It will be overwritten by the ALTER SYSTEM command.\\nprimary_conninfo = \'user=postgres passfile=\'\'/var/lib/postgresql/.pgpass\'\' channel_binding=prefer host=database1.balance.rbt port=5440 sslmode=prefer sslcompression=0 sslsni=1 ssl_min_protocol_version=TLSv1.2 gssencmode=prefer krbsrvname=postgres target_session_attrs=any\'\\nprimary_slot_name = \'database3_balance_rbt\'", "stderr": "", "rc": 0, "cmd": ["cat", "/var/lib/postgresql/15/contrprimer/postgresql.auto.conf"], "start": "2025-02-19 18:18:08.951567", "end": "2025-02-19 18:18:08.958142", "delta": "0:00:00.006575", "msg": "", "invocation": {"module_args": {"_raw_params": "cat /var/lib/postgresql/15/contrprimer/postgresql.auto.conf\\n", "_uses_shell": false, "expand_argument_vars": true, "stdin_add_newline": true, "strip_empty_ends": true, "argv": null, "chdir": null, "executable": null, "creates": null, "removes": null, "stdin": null}}}\n', b'')
ok: [database_3] => {
    "changed": false,
    "cmd": [
        "cat",
        "/var/lib/postgresql/15/contrprimer/postgresql.auto.conf"
    ],
    "delta": "0:00:00.006575",
    "end": "2025-02-19 18:18:08.958142",
    "failed_when_result": false,
    "invocation": {
        "module_args": {
            "_raw_params": "cat /var/lib/postgresql/15/contrprimer/postgresql.auto.conf\n",
            "_uses_shell": false,
            "argv": null,
            "chdir": null,
            "creates": null,
            "executable": null,
            "expand_argument_vars": true,
            "removes": null,
            "stdin": null,
            "stdin_add_newline": true,
            "strip_empty_ends": true
        }
    },
    "msg": "",
    "rc": 0,
    "start": "2025-02-19 18:18:08.951567",
    "stderr": "",
    "stderr_lines": [],
    "stdout": "# Do not edit this file manually!\n# It will be overwritten by the ALTER SYSTEM command.\nprimary_conninfo = 'user=postgres passfile=''/var/lib/postgresql/.pgpass'' channel_binding=prefer host=database1.balance.rbt port=5440 sslmode=prefer sslcompression=0 sslsni=1 ssl_min_protocol_version=TLSv1.2 gssencmode=prefer krbsrvname=postgres target_session_attrs=any'\nprimary_slot_name = 'database3_balance_rbt'",
    "stdout_lines": [
        "# Do not edit this file manually!",
        "# It will be overwritten by the ALTER SYSTEM command.",
        "primary_conninfo = 'user=postgres passfile=''/var/lib/postgresql/.pgpass'' channel_binding=prefer host=database1.balance.rbt port=5440 sslmode=prefer sslcompression=0 sslsni=1 ssl_min_protocol_version=TLSv1.2 gssencmode=prefer krbsrvname=postgres target_session_attrs=any'",
        "primary_slot_name = 'database3_balance_rbt'"
    ]
}
Read vars_file '../../../vars.yml'

TASK [debug] *******************************************************************
task path: /home/u/git/stress_test/postgresql/balance/tasks/checks/db/replication.yml:45
Read vars_file '../../../vars.yml'
Read vars_file '../../../vars.yml'
ok: [database] => {
    "auto_conf.stdout": "# Do not edit this file manually!\n# It will be overwritten by the ALTER SYSTEM command."
}
ok: [database_2] => {
    "auto_conf.stdout": "# Do not edit this file manually!\n# It will be overwritten by the ALTER SYSTEM command.\nprimary_conninfo = 'user=postgres passfile=''/var/lib/postgresql/.pgpass'' channel_binding=prefer host=database1.balance.rbt port=5440 sslmode=prefer sslcompression=0 sslsni=1 ssl_min_protocol_version=TLSv1.2 gssencmode=prefer krbsrvname=postgres target_session_attrs=any'\nprimary_slot_name = 'database2_balance_rbt'"
}
ok: [database_3] => {
    "auto_conf.stdout": "# Do not edit this file manually!\n# It will be overwritten by the ALTER SYSTEM command.\nprimary_conninfo = 'user=postgres passfile=''/var/lib/postgresql/.pgpass'' channel_binding=prefer host=database1.balance.rbt port=5440 sslmode=prefer sslcompression=0 sslsni=1 ssl_min_protocol_version=TLSv1.2 gssencmode=prefer krbsrvname=postgres target_session_attrs=any'\nprimary_slot_name = 'database3_balance_rbt'"
}
Read vars_file '../../../vars.yml'

TASK [List pgdata] *************************************************************
task path: /home/u/git/stress_test/postgresql/balance/tasks/checks/db/replication.yml:48
Read vars_file '../../../vars.yml'
Read vars_file '../../../vars.yml'
Using module file /home/u/python/Python-3.12.1/venv/lib/python3.12/site-packages/ansible/modules/command.py
Pipelining is enabled.
<10.177.103.111> ESTABLISH SSH CONNECTION FOR USER: u
<10.177.103.111> SSH: EXEC sshpass -d20 ssh -o ControlMaster=auto -o ControlPersist=2m -o GlobalKnownHostsFile=/dev/null -o UserKnownHostsFile=/dev/null -o StrictHostKeyChecking=no -o StrictHostKeyChecking=no -o 'User="u"' -o ConnectTimeout=10 -o 'ControlPath="/root/.ansible/cp/c2e4e885e4"' 10.177.103.111 '/bin/sh -c '"'"'sudo -H -S -n  -u root /bin/sh -c '"'"'"'"'"'"'"'"'echo BECOME-SUCCESS-uibbokekkoxipmiyurrufpdmpwvrotvd ; /usr/bin/python3'"'"'"'"'"'"'"'"' && sleep 0'"'"''
Using module file /home/u/python/Python-3.12.1/venv/lib/python3.12/site-packages/ansible/modules/command.py
Pipelining is enabled.
<10.177.103.112> ESTABLISH SSH CONNECTION FOR USER: u
<10.177.103.112> SSH: EXEC sshpass -d19 ssh -o ControlMaster=auto -o ControlPersist=2m -o GlobalKnownHostsFile=/dev/null -o UserKnownHostsFile=/dev/null -o StrictHostKeyChecking=no -o StrictHostKeyChecking=no -o 'User="u"' -o ConnectTimeout=10 -o 'ControlPath="/root/.ansible/cp/d6a65bfa00"' 10.177.103.112 '/bin/sh -c '"'"'sudo -H -S -n  -u root /bin/sh -c '"'"'"'"'"'"'"'"'echo BECOME-SUCCESS-voskzzckwztiukucdfvtrntscogezaby ; /usr/bin/python3'"'"'"'"'"'"'"'"' && sleep 0'"'"''
Using module file /home/u/python/Python-3.12.1/venv/lib/python3.12/site-packages/ansible/modules/command.py
Pipelining is enabled.
<10.177.103.113> ESTABLISH SSH CONNECTION FOR USER: u
<10.177.103.113> SSH: EXEC sshpass -d21 ssh -o ControlMaster=auto -o ControlPersist=2m -o GlobalKnownHostsFile=/dev/null -o UserKnownHostsFile=/dev/null -o StrictHostKeyChecking=no -o StrictHostKeyChecking=no -o 'User="u"' -o ConnectTimeout=10 -o 'ControlPath="/root/.ansible/cp/4572b6000a"' 10.177.103.113 '/bin/sh -c '"'"'sudo -H -S -n  -u root /bin/sh -c '"'"'"'"'"'"'"'"'echo BECOME-SUCCESS-dvvzgbkpwzwbtqbhjfxohhztwmlbtmjw ; /usr/bin/python3'"'"'"'"'"'"'"'"' && sleep 0'"'"''
Escalation succeeded
Escalation succeeded
Escalation succeeded
<10.177.103.111> (1, b'\n{"changed": true, "stdout": "", "stderr": "", "rc": 1, "cmd": "ls /var/lib/postgresql/15/contrprimer | grep standby\\n", "start": "2025-02-19 18:18:09.036135", "end": "2025-02-19 18:18:09.050911", "delta": "0:00:00.014776", "failed": true, "msg": "non-zero return code", "invocation": {"module_args": {"_raw_params": "ls /var/lib/postgresql/15/contrprimer | grep standby\\n", "_uses_shell": true, "expand_argument_vars": true, "stdin_add_newline": true, "strip_empty_ends": true, "argv": null, "chdir": null, "executable": null, "creates": null, "removes": null, "stdin": null}}}\n', b'')
<10.177.103.111> Failed to connect to the host via ssh: 
ok: [database] => {
    "changed": false,
    "cmd": "ls /var/lib/postgresql/15/contrprimer | grep standby\n",
    "delta": "0:00:00.014776",
    "end": "2025-02-19 18:18:09.050911",
    "failed_when_result": false,
    "invocation": {
        "module_args": {
            "_raw_params": "ls /var/lib/postgresql/15/contrprimer | grep standby\n",
            "_uses_shell": true,
            "argv": null,
            "chdir": null,
            "creates": null,
            "executable": null,
            "expand_argument_vars": true,
            "removes": null,
            "stdin": null,
            "stdin_add_newline": true,
            "strip_empty_ends": true
        }
    },
    "msg": "non-zero return code",
    "rc": 1,
    "start": "2025-02-19 18:18:09.036135",
    "stderr": "",
    "stderr_lines": [],
    "stdout": "",
    "stdout_lines": []
}
<10.177.103.112> (0, b'\n{"changed": true, "stdout": "standby.signal", "stderr": "", "rc": 0, "cmd": "ls /var/lib/postgresql/15/contrprimer | grep standby\\n", "start": "2025-02-19 18:18:09.172691", "end": "2025-02-19 18:18:09.185581", "delta": "0:00:00.012890", "msg": "", "invocation": {"module_args": {"_raw_params": "ls /var/lib/postgresql/15/contrprimer | grep standby\\n", "_uses_shell": true, "expand_argument_vars": true, "stdin_add_newline": true, "strip_empty_ends": true, "argv": null, "chdir": null, "executable": null, "creates": null, "removes": null, "stdin": null}}}\n', b'')
ok: [database_2] => {
    "changed": false,
    "cmd": "ls /var/lib/postgresql/15/contrprimer | grep standby\n",
    "delta": "0:00:00.012890",
    "end": "2025-02-19 18:18:09.185581",
    "failed_when_result": false,
    "invocation": {
        "module_args": {
            "_raw_params": "ls /var/lib/postgresql/15/contrprimer | grep standby\n",
            "_uses_shell": true,
            "argv": null,
            "chdir": null,
            "creates": null,
            "executable": null,
            "expand_argument_vars": true,
            "removes": null,
            "stdin": null,
            "stdin_add_newline": true,
            "strip_empty_ends": true
        }
    },
    "msg": "",
    "rc": 0,
    "start": "2025-02-19 18:18:09.172691",
    "stderr": "",
    "stderr_lines": [],
    "stdout": "standby.signal",
    "stdout_lines": [
        "standby.signal"
    ]
}
<10.177.103.113> (0, b'\n{"changed": true, "stdout": "standby.signal", "stderr": "", "rc": 0, "cmd": "ls /var/lib/postgresql/15/contrprimer | grep standby\\n", "start": "2025-02-19 18:18:09.232635", "end": "2025-02-19 18:18:09.244417", "delta": "0:00:00.011782", "msg": "", "invocation": {"module_args": {"_raw_params": "ls /var/lib/postgresql/15/contrprimer | grep standby\\n", "_uses_shell": true, "expand_argument_vars": true, "stdin_add_newline": true, "strip_empty_ends": true, "argv": null, "chdir": null, "executable": null, "creates": null, "removes": null, "stdin": null}}}\n', b'')
ok: [database_3] => {
    "changed": false,
    "cmd": "ls /var/lib/postgresql/15/contrprimer | grep standby\n",
    "delta": "0:00:00.011782",
    "end": "2025-02-19 18:18:09.244417",
    "failed_when_result": false,
    "invocation": {
        "module_args": {
            "_raw_params": "ls /var/lib/postgresql/15/contrprimer | grep standby\n",
            "_uses_shell": true,
            "argv": null,
            "chdir": null,
            "creates": null,
            "executable": null,
            "expand_argument_vars": true,
            "removes": null,
            "stdin": null,
            "stdin_add_newline": true,
            "strip_empty_ends": true
        }
    },
    "msg": "",
    "rc": 0,
    "start": "2025-02-19 18:18:09.232635",
    "stderr": "",
    "stderr_lines": [],
    "stdout": "standby.signal",
    "stdout_lines": [
        "standby.signal"
    ]
}
Read vars_file '../../../vars.yml'

TASK [debug] *******************************************************************
task path: /home/u/git/stress_test/postgresql/balance/tasks/checks/db/replication.yml:55
Read vars_file '../../../vars.yml'
Read vars_file '../../../vars.yml'
ok: [database] => {
    "pgdata.stdout": ""
}
ok: [database_2] => {
    "pgdata.stdout": "standby.signal"
}
ok: [database_3] => {
    "pgdata.stdout": "standby.signal"
}

PLAY RECAP *********************************************************************
database                   : ok=8    changed=0    unreachable=0    failed=0    skipped=0    rescued=0    ignored=0   
database_2                 : ok=8    changed=0    unreachable=0    failed=0    skipped=0    rescued=0    ignored=0   
database_3                 : ok=8    changed=0    unreachable=0    failed=0    skipped=0    rescued=0    ignored=0   

